BODY(@,body,,,)
	All Table(@,TABLE cellSpacing=0 cellPadding=0 width="100%" border=0,,AllTable,)
		header(@,TR,,,)
			header cell(@,TD vAlign=top align=left colSpan=3 height=180,,hedercell,)
				Logo Table(@,TABLE height=180 cellSpacing=0 cellPadding=0 width="100%" border=0,,LogoTable,)
					line(@,TR,,,)
						logo(@,TD width=200,,celllogo,&nbsp;)
							siteLogotype(@,DIV,,siteLogotype,[site.sitelogotype])
						titles(@,TD width=600,,celltitles,&nbsp;)
							siteTitle(@,H1,,siteTitle,[site.sitetitle])
							siteSubtitle(@,H2,,siteSubtitle,[site.sitesubtitle])
		menu line(@,TR,,,)
			left cell(@,TD width="10%" bgColor=#88abcb,,leftcell,&nbsp;)
			right cell(@,TD bgColor=#88abcb colSpan=2 height=25,,rightcell,)
				menu.pagemenu(@,DIV,,pageMenu,[menu.pagemenu])
		content line(@,TR,,,)
			left contents cell(@,TD vAlign=top align=left,,leftcontcell,)
				Menu Table(@,TABLE cellSpacing=0 cellPadding=0 width=220 border=0,,MenuTable,)
					line top(@,TR,,,)
						cell top(@,TD height=20,,lcelltop,&nbsp;)
							searchForm(@,DIV,,searchForm,[site.searchform])
					line bottom(@,TR,,,)
						cell bottom(@,TD,,lcellbott,&nbsp;)
							menu.mainmenu(@,DIV,,pageMainmenu,[menu.mainmenu])
			centr contents cell(@,TD vAlign=top align=left width="100%",,centrcontcell,)
				PageTitle(@,H1,,pageTitle,[page.title])
				Entering Text(@,DIV,,enteringText,[page.enteringtext],[page.enteringtext])
				Content-0(@,DIV,,content,[content-0])
				Closing Text(@,DIV,,closingText,[page.closingtext],[page.closingtext])
			right contents cell(@,TD vAlign=top align=left width="10%",,rightcontcell,)
				Table Right Contents(@,TABLE cellSpacing=0 cellPadding=0 width=220 border=0,,TableRCont,)
					line top(@,TR,,,)
						cell top(@,TD height=20,,rcelltop,&nbsp;)
							Authorize Form(@,DIV,,authorizeForm,[site.authorizeform],[site.auth_check])
					line bottom(@,TR,,,)
						cell bottom(@,TD,,rcellbott,&nbsp;)
							Content-1(@,DIV,,content1,[content-1])
		footer line(@,TR,,,)
			left footer cell(@,TD vAlign=top align=left bgColor=#88abcb,,leftfootcell,&nbsp;[site.statistic])
			right footer cell(@,TD vAlign=top align=middle bgColor=#88abcb colSpan=2,,rightfootcell,[site.copyright]&nbsp;)